This is pdfTeX, Version 3.141592653-2.6-1.40.29 (TeX Live 2026) (preloaded format=pdflatex 2026.8.19)  19 AUG 2026 15:47
entering extended mode
 restricted \write18 enabled.
 %&-line parsing enabled.
**docs/framework.tex
(./docs/framework.tex
LaTeX2e <2026-06-01>
L3 programming layer <2026-08-10>

(/home/runner/work/_temp/setup-texlive-action/2026/texmf-dist/tex/latex/revtex/
revtex4-2.cls
Document Class: revtex4-2 2022/06/05 4.2f (https://journals.aps.org/revtex/ for
 documentation)
 Copyright (c) 2019 American Physical Society.
 mailto:revtex@aps.org
 Licensed under the LPPL:
http://www.ctan.org/tex-archive/macros/latex/base/lppl.txt
 Arthur Ogawa <arthur_ogawa at sbcglobal dot net>
 Based on work by David Carlisle <david at dcarlisle.demon.co.uk>
 Version (4.2d--4.2f): Modified by Mark Doyle and Phelype Oleinik
 .
ltxutil[2022/06/05 4.2f utilities package (portions licensed from W. E. Baxter 
web at superscript.com)]
LaTeX Info: Redefining \@centercr on input line 356.
Class revtex4-2 Info: Repairing hyperref-unfriendly LaTeX definition of \mpfoot
note on input line 492.
Class revtex4-2 Info: Repairing broken LateX \@sect on input line 814.
\intertabularlinepenalty=\count276
\@tbpen=\count277
\@arstrutbox@hline=\box53
Class revtex4-2 Info: Repairing broken LaTeX \@xbitor on input line 1845.
Class revtex4-2 Info: Making \typeout \long on input line 2110.
ltxfront[2022/06/05 4.2f frontmatter package (AO,DPC,MD)]
\c@affil=\count278
\c@collab=\count279
\absbox=\box54
ltxgrid[2022/06/05 4.2f page grid package (portions licensed from W. E. Baxter 
web at superscript.com)]
\c@linecount=\count280
\output@latex=\toks17
\box@size@1=\box55
\box@size@2=\box56
\@protection@box=\box57
\@topmark@saved=\toks18
\footins@saved=\box58
\footins@recovered=\box59
\column@recovered=\box60
\pagesofar=\box61
\footsofar=\box62
\pagegrid@col=\count281
Class revtex4-2 Info: Overriding \@vspace, \@vspacer, \@no@pgbk, \@newline, and
 \\  on input line 5676.
\c@part=\count282
\c@section=\count283
\c@subsection=\count284
\c@subsubsection=\count285
\c@paragraph=\count286
\c@subparagraph=\count287
\abovecaptionskip=\skip49
\belowcaptionskip=\skip50
\c@figure=\count288
\fbox@1=\box63
\c@table=\count289
\fbox@2=\box64
\c@video=\count290
\fbox@4=\box65
\@bibdataout=\write3
\widetext@top=\box66
\widetext@bot=\box67
Class revtex4-2 Info: Selecting society aps on input line 7669.

(/home/runner/work/_temp/setup-texlive-action/2026/texmf-dist/tex/latex/revtex/
aps4-2.rtx
File: aps4-2 2022/06/05 4.2f (https://journals.aps.org/revtex/ for documentatio
n)
Class revtex4-2 Info: RevTeX society APS selected on input line 40.
)
Class revtex4-2 Info: Selecting journal prd on input line 7671.
Class revtex4-2 Info: APS journal PRD selected on input line 7672.

(/home/runner/work/_temp/setup-texlive-action/2026/texmf-dist/tex/latex/revtex/
aps10pt4-2.rtx
File: aps10pt4-2 2022/06/05 4.2f (https://journals.aps.org/revtex/ for document
ation)
Class revtex4-2 Info: RevTeX pointsize 10pt selected on input line 39.
)
(/home/runner/work/_temp/setup-texlive-action/2026/texmf-dist/tex/latex/textcas
e/textcase.sty
Package: textcase 2025/02/16 v1.05 Text only upper/lower case changing (DPC)
Package textcase Info: Defining Legacy names on input line 20.
)
(/home/runner/work/_temp/setup-texlive-action/2026/texmf-dist/tex/latex/amsfont
s/amssymb.sty
Package: amssymb 2013/01/14 v3.01 AMS font symbols

(/home/runner/work/_temp/setup-texlive-action/2026/texmf-dist/tex/latex/amsfont
s/amsfonts.sty
Package: amsfonts 2013/01/14 v3.01 Basic AMSFonts support
\@emptytoks=\toks19
\symAMSa=\mathgroup4
\symAMSb=\mathgroup5
LaTeX Font Info:    Redeclaring math symbol \hbar on input line 98.
LaTeX Font Info:    Overwriting math alphabet `\mathfrak' in version `bold'
(Font)                  U/euf/m/n --> U/euf/b/n on input line 106.
))
(/home/runner/work/_temp/setup-texlive-action/2026/texmf-dist/tex/latex/amsmath
/amsmath.sty
Package: amsmath 2026/05/19 v2.18d AMS math features
\@mathmargin=\skip51

For additional information on amsmath, use the `?' option.

(/home/runner/work/_temp/setup-texlive-action/2026/texmf-dist/tex/latex/amsmath
/amstext.sty
Package: amstext 2024/11/17 v2.01 AMS text

(/home/runner/work/_temp/setup-texlive-action/2026/texmf-dist/tex/latex/amsmath
/amsgen.sty
File: amsgen.sty 1999/11/30 v2.0 generic functions
\@emptytoks=\toks20
\ex@=\dimen150
)
LaTeX Info: Redefining \text on input line 28.
)
(/home/runner/work/_temp/setup-texlive-action/2026/texmf-dist/tex/latex/amsmath
/amsbsy.sty
Package: amsbsy 1999/11/29 v1.2d Bold Symbols
\pmbraise@=\dimen151
)
(/home/runner/work/_temp/setup-texlive-action/2026/texmf-dist/tex/latex/amsmath
/amsopn.sty
Package: amsopn 2022/04/08 v2.04 operator names
)
\inf@bad=\count291
LaTeX Info: Redefining \frac on input line 233.
\uproot@=\count292
\leftroot@=\count293
LaTeX Info: Redefining \overline on input line 398.
LaTeX Info: Redefining \colon on input line 409.
\classnum@=\count294
\DOTSCASE@=\count295
LaTeX Info: Redefining \ldots on input line 495.
LaTeX Info: Redefining \dots on input line 498.
LaTeX Info: Redefining \cdots on input line 619.
\Mathstrutbox@=\box68
\strutbox@=\box69
LaTeX Info: Redefining \big on input line 721.
LaTeX Info: Redefining \Big on input line 722.
LaTeX Info: Redefining \bigg on input line 723.
LaTeX Info: Redefining \Bigg on input line 724.
\big@size=\dimen152
LaTeX Font Info:    Redeclaring font encoding OML on input line 742.
LaTeX Font Info:    Redeclaring font encoding OMS on input line 743.
\macc@depth=\count296
LaTeX Info: Redefining \bmod on input line 904.
LaTeX Info: Redefining \pmod on input line 909.
LaTeX Info: Redefining \smash on input line 939.
LaTeX Info: Redefining \relbar on input line 969.
LaTeX Info: Redefining \Relbar on input line 970.
\c@MaxMatrixCols=\count297
\dotsspace@=\muskip17
\c@parentequation=\count298
\dspbrk@lvl=\count299
\tag@help=\toks21
\row@=\count300
\column@=\count301
\maxfields@=\count302
\andhelp@=\toks22
\eqnshift@=\dimen153
\alignsep@=\dimen154
\tagshift@=\dimen155
\tagwidth@=\dimen156
\totwidth@=\dimen157
\lineht@=\dimen158
\@envbody=\toks23
\multlinegap=\skip52
\multlinetaggap=\skip53
\mathdisplay@stack=\toks24
LaTeX Info: Redefining \[ on input line 2965.
LaTeX Info: Redefining \] on input line 2966.
)
(/home/runner/work/_temp/setup-texlive-action/2026/texmf-dist/tex/latex/url/url
.sty
\Urlmuskip=\muskip18
Package: url 2013/09/16  ver 3.4  Verb mode for urls, etc.
)
(/home/runner/work/_temp/setup-texlive-action/2026/texmf-dist/tex/latex/natbib/
natbib.sty
Package: natbib 2010/09/13 8.31b (PWD, AO)
\bibhang=\skip54
\bibsep=\skip55
LaTeX Info: Redefining \cite on input line 694.
\c@NAT@ctr=\count303
)
Class revtex4-2 Info: Repairing natbib's \BibitemShut on input line 7676.

(/home/runner/work/_temp/setup-texlive-action/2026/texmf-dist/tex/latex/revtex/
revsymb4-2.sty
Package: revsymb4-2 2022/06/05 4.2f (https://journals.aps.org/revtex/ for docum
entation)
LaTeX Info: Redefining \frak on input line 104.
LaTeX Info: Redefining \Bbb on input line 120.
LaTeX Info: Redefining \REV@mathfrak on input line 128.
))
(/home/runner/work/_temp/setup-texlive-action/2026/texmf-dist/tex/latex/base/in
putenc.sty
Package: inputenc 2024/02/08 v1.3d Input encoding file
\inpenc@prehook=\toks25
\inpenc@posthook=\toks26
)
(/home/runner/work/_temp/setup-texlive-action/2026/texmf-dist/tex/latex/base/fo
ntenc.sty
Package: fontenc 2025/07/18 v2.1d Standard LaTeX package
)
(/home/runner/work/_temp/setup-texlive-action/2026/texmf-dist/tex/latex/graphic
s/graphicx.sty
Package: graphicx 2026-05-17 v1.2e Enhanced LaTeX Graphics (DPC,SPQR)

(/home/runner/work/_temp/setup-texlive-action/2026/texmf-dist/tex/latex/graphic
s/keyval.sty
Package: keyval 2026-05-17 v1.15 key=value parser (DPC)
\KV@toks@=\toks27
)
(/home/runner/work/_temp/setup-texlive-action/2026/texmf-dist/tex/latex/graphic
s/graphics.sty
Package: graphics 2026-05-17 v1.4h Standard LaTeX Graphics (DPC,SPQR)

(/home/runner/work/_temp/setup-texlive-action/2026/texmf-dist/tex/latex/graphic
s/trig.sty
Package: trig 2023/12/02 v1.11 sin cos tan (DPC)
)
(/home/runner/work/_temp/setup-texlive-action/2026/texmf-dist/tex/latex/graphic
s-cfg/graphics.cfg
File: graphics.cfg 2016/06/04 v1.11 sample graphics configuration
)
Package graphics Info: Driver file: pdftex.def on input line 106.

(/home/runner/work/_temp/setup-texlive-action/2026/texmf-dist/tex/latex/graphic
s-def/pdftex.def
File: pdftex.def 2025/09/29 v1.2d Graphics/color driver for pdftex
))
\Gin@req@height=\dimen159
\Gin@req@width=\dimen160
)
(/home/runner/work/_temp/setup-texlive-action/2026/texmf-dist/tex/latex/hyperre
f/hyperref.sty
Package: hyperref 2026-06-17 v7.01r Hypertext links for LaTeX

(/home/runner/work/_temp/setup-texlive-action/2026/texmf-dist/tex/generic/iftex
/iftex.sty
Package: iftex 2024/12/12 v1.0g TeX engine tests
)
(/home/runner/work/_temp/setup-texlive-action/2026/texmf-dist/tex/latex/kvsetke
ys/kvsetkeys.sty
Package: kvsetkeys 2022-10-05 v1.19 Key value parser (HO)
)
(/home/runner/work/_temp/setup-texlive-action/2026/texmf-dist/tex/generic/kvdef
inekeys/kvdefinekeys.sty
Package: kvdefinekeys 2019-12-19 v1.6 Define keys (HO)
)
(/home/runner/work/_temp/setup-texlive-action/2026/texmf-dist/tex/generic/pdfes
cape/pdfescape.sty
Package: pdfescape 2019/12/09 v1.15 Implements pdfTeX's escape features (HO)

(/home/runner/work/_temp/setup-texlive-action/2026/texmf-dist/tex/generic/ltxcm
ds/ltxcmds.sty
Package: ltxcmds 2023-12-04 v1.26 LaTeX kernel commands for general use (HO)
)
(/home/runner/work/_temp/setup-texlive-action/2026/texmf-dist/tex/generic/pdfte
xcmds/pdftexcmds.sty
Package: pdftexcmds 2020-06-27 v0.33 Utility functions of pdfTeX for LuaTeX (HO
)

(/home/runner/work/_temp/setup-texlive-action/2026/texmf-dist/tex/generic/infwa
rerr/infwarerr.sty
Package: infwarerr 2019/12/03 v1.5 Providing info/warning/error messages (HO)
)
Package pdftexcmds Info: \pdf@primitive is available.
Package pdftexcmds Info: \pdf@ifprimitive is available.
Package pdftexcmds Info: \pdfdraftmode found.
))
(/home/runner/work/_temp/setup-texlive-action/2026/texmf-dist/tex/latex/hycolor
/hycolor.sty
Package: hycolor 2020-01-27 v1.10 Color options for hyperref/bookmark (HO)
)
(/home/runner/work/_temp/setup-texlive-action/2026/texmf-dist/tex/latex/hyperre
f/nameref.sty
Package: nameref 2026-01-29 v2.58 Cross-referencing by name of section

(/home/runner/work/_temp/setup-texlive-action/2026/texmf-dist/tex/latex/refcoun
t/refcount.sty
Package: refcount 2019/12/15 v3.6 Data extraction from label references (HO)
)
(/home/runner/work/_temp/setup-texlive-action/2026/texmf-dist/tex/generic/getti
tlestring/gettitlestring.sty
Package: gettitlestring 2019/12/15 v1.6 Cleanup title references (HO)

(/home/runner/work/_temp/setup-texlive-action/2026/texmf-dist/tex/latex/kvoptio
ns/kvoptions.sty
Package: kvoptions 2022-06-15 v3.15 Key value format for package options (HO)
))

Package nameref Warning: The definition of \label has changed! 
(nameref)                Check your packages! 
(nameref)                Replacing it with the kernel definition on input line 
161.

\c@section@level=\count304
)
(/home/runner/work/_temp/setup-texlive-action/2026/texmf-dist/tex/latex/etoolbo
x/etoolbox.sty
Package: etoolbox 2025/10/02 v2.5m e-TeX tools for LaTeX (JAW)
\etb@tempcnta=\count305
)
(/home/runner/work/_temp/setup-texlive-action/2026/texmf-dist/tex/generic/strin
genc/stringenc.sty
Package: stringenc 2019/11/29 v1.12 Convert strings between diff. encodings (HO
)
)
\@linkdim=\dimen161
\Hy@linkcounter=\count306
\Hy@pagecounter=\count307

(/home/runner/work/_temp/setup-texlive-action/2026/texmf-dist/tex/latex/hyperre
f/pd1enc.def
File: pd1enc.def 2026-06-17 v7.01r Hyperref: PDFDocEncoding definition (HO)
Now handling font encoding PD1 ...
... no UTF-8 mapping file for font encoding PD1
)
(/home/runner/work/_temp/setup-texlive-action/2026/texmf-dist/tex/generic/intca
lc/intcalc.sty
Package: intcalc 2019/12/15 v1.3 Expandable calculations with integers (HO)
)
\Hy@SavedSpaceFactor=\count308

(/home/runner/work/_temp/setup-texlive-action/2026/texmf-dist/tex/latex/hyperre
f/puenc.def
File: puenc.def 2026-06-17 v7.01r Hyperref: PDF Unicode definition (HO)
Now handling font encoding PU ...
... no UTF-8 mapping file for font encoding PU
)
Package hyperref Info: Hyper figures OFF on input line 4199.
Package hyperref Info: Link nesting OFF on input line 4204.
Package hyperref Info: Hyper index ON on input line 4207.
Package hyperref Info: Plain pages OFF on input line 4214.
Package hyperref Info: Backreferencing OFF on input line 4219.
Package hyperref Info: Implicit mode ON; LaTeX internals redefined.
Package hyperref Info: Bookmarks ON on input line 4466.
LaTeX Info: Redefining \href on input line 4716.
\c@Hy@tempcnt=\count309
LaTeX Info: Redefining \url on input line 4805.
\XeTeXLinkMargin=\dimen162

(/home/runner/work/_temp/setup-texlive-action/2026/texmf-dist/tex/generic/bitse
t/bitset.sty
Package: bitset 2019/12/09 v1.3 Handle bit-vector datatype (HO)

(/home/runner/work/_temp/setup-texlive-action/2026/texmf-dist/tex/generic/bigin
tcalc/bigintcalc.sty
Package: bigintcalc 2019/12/15 v1.5 Expandable calculations on big integers (HO
)
))
\Fld@menulength=\count310
\Field@Width=\dimen163
\Fld@charsize=\dimen164
Package hyperref Info: Hyper figures OFF on input line 6091.
Package hyperref Info: Link nesting OFF on input line 6096.
Package hyperref Info: Hyper index ON on input line 6099.
Package hyperref Info: backreferencing OFF on input line 6106.
Package hyperref Info: Link coloring OFF on input line 6111.
Package hyperref Info: Link coloring with OCG OFF on input line 6116.
Package hyperref Info: PDF/A mode OFF on input line 6121.
\Hy@abspage=\count311
\c@Item=\count312
\c@Hfootnote=\count313
)
Package hyperref Info: Driver (autodetected): hpdftex.

(/home/runner/work/_temp/setup-texlive-action/2026/texmf-dist/tex/latex/hyperre
f/hpdftex.def
File: hpdftex.def 2026-06-17 v7.01r Hyperref driver for pdfTeX
\Fld@listcount=\count314
\c@bookmark@seq@number=\count315

(/home/runner/work/_temp/setup-texlive-action/2026/texmf-dist/tex/latex/rerunfi
lecheck/rerunfilecheck.sty
Package: rerunfilecheck 2025-06-21 v1.11 Rerun checks for auxiliary files (HO)

(/home/runner/work/_temp/setup-texlive-action/2026/texmf-dist/tex/generic/uniqu
ecounter/uniquecounter.sty
Package: uniquecounter 2019/12/15 v1.4 Provide unlimited unique counter (HO)
)
Package uniquecounter Info: New unique counter `rerunfilecheck' on input line 2
84.
)
\Hy@SectionHShift=\skip56
)
(/home/runner/work/_temp/setup-texlive-action/2026/texmf-dist/tex/latex/tools/b
m.sty
Package: bm 2025/10/21 v1.2g Bold Symbol Support (DPC/FMi)
\symboldoperators=\mathgroup6
\symboldletters=\mathgroup7
\symboldsymbols=\mathgroup8
Package bm Info: No bold for \OMX/cmex/m/n, using \pmb.
Package bm Info: No bold for \U/msa/m/n, using \pmb.
Package bm Info: No bold for \U/msb/m/n, using \pmb.
LaTeX Font Info:    Redeclaring math alphabet \mathbf on input line 149.
LaTeX Info: Redefining \bm on input line 219.
)
(/home/runner/work/_temp/setup-texlive-action/2026/texmf-dist/tex/latex/booktab
s/booktabs.sty
Package: booktabs 2020/01/12 v1.61803398 Publication quality tables
\heavyrulewidth=\dimen165
\lightrulewidth=\dimen166
\cmidrulewidth=\dimen167
\belowrulesep=\dimen168
\belowbottomsep=\dimen169
\aboverulesep=\dimen170
\abovetopsep=\dimen171
\cmidrulesep=\dimen172
\cmidrulekern=\dimen173
\defaultaddspace=\dimen174
\@cmidla=\count316
\@cmidlb=\count317
\@aboverulesep=\dimen175
\@belowrulesep=\dimen176
\@thisruleclass=\count318
\@lastruleclass=\count319
\@thisrulewidth=\dimen177
)
Class revtex4-2 Info: Unrecognized LaTeX tabular. Please update this document c
lass! (Proceeding with fingers crossed.) on input line 11.
Class revtex4-2 Info: cite was not loaded (OK!) on input line 11.
Class revtex4-2 Info: mcite was not loaded (OK!) on input line 11.
Class revtex4-2 Info: multicol was not loaded (OK!) on input line 11.

(/home/runner/work/_temp/setup-texlive-action/2026/texmf-dist/tex/latex/l3kerne
l/l3backend-pdftex.def
File: l3backend-pdftex.def 2026-08-10 L3 backend support: PDF output (pdfTeX)
\l__color_backend_stack_int=\count320
)
(../POPGP-VIABILITY-R1-2026-08-VIA-000-PDF/framework.aux)
\openout1 = `framework.aux'.

LaTeX Font Info:    Checking defaults for OML/cmm/m/it on input line 11.
LaTeX Font Info:    ... okay on input line 11.
LaTeX Font Info:    Checking defaults for OMS/cmsy/m/n on input line 11.
LaTeX Font Info:    ... okay on input line 11.
LaTeX Font Info:    Checking defaults for OT1/cmr/m/n on input line 11.
LaTeX Font Info:    ... okay on input line 11.
LaTeX Font Info:    Checking defaults for T1/cmr/m/n on input line 11.
LaTeX Font Info:    ... okay on input line 11.
LaTeX Font Info:    Checking defaults for TS1/cmr/m/n on input line 11.
LaTeX Font Info:    ... okay on input line 11.
LaTeX Font Info:    Checking defaults for OMX/cmex/m/n on input line 11.
LaTeX Font Info:    ... okay on input line 11.
LaTeX Font Info:    Checking defaults for U/cmr/m/n on input line 11.
LaTeX Font Info:    ... okay on input line 11.
LaTeX Font Info:    Checking defaults for PD1/pdf/m/n on input line 11.
LaTeX Font Info:    ... okay on input line 11.
LaTeX Font Info:    Checking defaults for PU/pdf/m/n on input line 11.
LaTeX Font Info:    ... okay on input line 11.

(/home/runner/work/_temp/setup-texlive-action/2026/texmf-dist/tex/context/base/
mkii/supp-pdf.mkii
[Loading MPS to PDF converter (version 2006.09.02).]
\scratchcounter=\count321
\scratchdimen=\dimen178
\scratchbox=\box70
\nofMPsegments=\count322
\nofMParguments=\count323
\everyMPshowfont=\toks28
\MPscratchCnt=\count324
\MPscratchDim=\dimen179
\MPnumerator=\count325
\makeMPintoPDFobject=\count326
\everyMPtoPDFconversion=\toks29
)
(/home/runner/work/_temp/setup-texlive-action/2026/texmf-dist/tex/latex/epstopd
f-pkg/epstopdf-base.sty
Package: epstopdf-base 2020-01-24 v2.11 Base part for package epstopdf
Package epstopdf-base Info: Redefining graphics rule for `.eps' on input line 4
85.

(/home/runner/work/_temp/setup-texlive-action/2026/texmf-dist/tex/latex/latexco
nfig/epstopdf-sys.cfg
File: epstopdf-sys.cfg 2010/07/13 v1.3 Configuration of (r)epstopdf for TeX Liv
e
))
Package hyperref Info: Link coloring OFF on input line 11.

(../POPGP-VIABILITY-R1-2026-08-VIA-000-PDF/framework.out)
(../POPGP-VIABILITY-R1-2026-08-VIA-000-PDF/framework.out)
\@outlinefile=\write4
\openout4 = `framework.out'.

Class revtex4-2 Info: Taking \maketitle back from hyperref on input line 11.
\openout3 = `frameworkNotes.bib'.

LaTeX Font Info:    Trying to load font information for U+msa on input line 26.


(/home/runner/work/_temp/setup-texlive-action/2026/texmf-dist/tex/latex/amsfont
s/umsa.fd
File: umsa.fd 2013/01/14 v3.01 AMS symbols A
)
LaTeX Font Info:    Trying to load font information for U+msb on input line 26.


(/home/runner/work/_temp/setup-texlive-action/2026/texmf-dist/tex/latex/amsfont
s/umsb.fd
File: umsb.fd 2013/01/14 v3.01 AMS symbols B
)
Underfull \hbox (badness 1137) in paragraph at lines 42--43
 \T1/cmr/m/n/10 scal-ing with \T1/cmr/bx/n/10 bound-ary area \T1/cmr/m/n/10 (Pl
anck-area-like
 []


Underfull \hbox (badness 1838) in paragraph at lines 55--56
 []\T1/cmr/m/n/10 The frame-work is \T1/cmr/bx/n/10 em-pir-i-cally an-chored \T
1/cmr/m/n/10 by
 []

[1{/home/runner/work/_temp/setup-texlive-action/2026/texmf-var/fonts/map/pdftex
/updmap/pdftex.map}]
Underfull \hbox (badness 3179) in paragraph at lines 76--77
 \T1/cmr/m/n/10 the frame-work must re-pro-duce stan-dard GR
 []


Underfull \hbox (badness 2573) in paragraph at lines 91--92
\T1/cmr/m/n/10 tin-guished gen-er-a-tor in-duces an or-der-ing struc-ture
 []


Underfull \hbox (badness 10000) in paragraph at lines 100--101
[]\T1/cmr/bx/n/10 P4 (Fi-nite dis-tin-guisha-bil-ity; boundary-
 []


Underfull \hbox (badness 2828) in paragraph at lines 109--110
[]\T1/cmr/bx/n/10 E4 (Lorentz re-cov-ery con-jec-ture). \T1/cmr/m/n/10 SU(2)-
 []

[2]
Underfull \hbox (badness 3579) in paragraph at lines 127--129
\T1/cmr/m/n/10 where $\OMS/cmsy/m/n/10 A[]$ \T1/cmr/m/n/10 is the ``re-la-tiona
l bulk'' al-ge-bra (pre-
 []


Underfull \hbox (badness 2680) in paragraph at lines 182--183
[]\T1/cmr/m/n/10 A pro-jec-tion must pro-vide a no-tion of sub-sys-
 []

[3]
Underfull \hbox (badness 10000) in paragraph at lines 211--213
[]\T1/cmr/bx/n/10 Finite dis-tin-guisha-bil-ity con-straint (non-
 []


Underfull \hbox (badness 5345) in paragraph at lines 218--220
[]\T1/cmr/bx/n/10 Finite dis-tin-guisha-bil-ity con-straint (Araki-
 []

LaTeX Font Info:    Trying to load font information for U+euf on input line 228
.

(/home/runner/work/_temp/setup-texlive-action/2026/texmf-dist/tex/latex/amsfont
s/ueuf.fd
File: ueuf.fd 2013/01/14 v3.01 Euler Fraktur
) [4]
Underfull \hbox (badness 3354) in paragraph at lines 324--325
\T1/cmr/m/n/10 a two-dimensional embedding-Delaunay angle-deficit
 []

[5]
Underfull \hbox (badness 3009) in paragraph at lines 341--342
 []$\OT1/cmr/m/n/10 ^^A[]$ \T1/cmr/m/n/10 is the graph Lapla-cian on the mutual
-
 []


Underfull \hbox (badness 10000) in paragraph at lines 341--342
 \T1/cmr/m/n/10 information weighted graph: $\OT1/cmr/m/n/10 (^^A[]^^H)[] :=
 []


Underfull \hbox (badness 10000) in paragraph at lines 382--383
[]\T1/cmr/m/n/9 Finite in-ter-nal al-ge-bra en-cod-ing
 []


Underfull \hbox (badness 10000) in paragraph at lines 404--405
 []\T1/cmr/m/n/10 (Architecture de-ci-
 []


Underfull \hbox (badness 2384) in paragraph at lines 404--405
 \T1/cmr/m/n/10 group; equivalence-class unique-ness of pro-jec-
 []

[6]

LaTeX Warning: A float is stuck (cannot be placed); try class option [floatfix]
 on input line 405.


Underfull \hbox (badness 4403) in paragraph at lines 405--406
 \T1/cmr/m/n/10 law co-ef-fi-cient); ef-fec-tive con-stants match-ing
 []


Underfull \hbox (badness 3271) in paragraph at lines 408--409
 \T1/cmr/m/it/10 and by com-pat-i-bil-ity with known no-signaling
 []

[7]
Underfull \hbox (badness 1496) in paragraph at lines 504--505
 []\T1/cmr/m/it/10 (Definition / Con-
 []


Underfull \hbox (badness 10000) in paragraph at lines 505--506
 []\T1/cmr/m/it/10 (Definition) \T1/cmr/m/n/10 Projection-resolution
 []


Underfull \hbox (badness 4366) in paragraph at lines 505--506
 \T1/cmr/m/n/10 Gen-eral AQFT: im-ple-ment via split-property
 []


Underfull \hbox (badness 1688) in paragraph at lines 506--507
 []\T1/cmr/m/it/10 (Constraint) $\OML/cmm/m/it/10 E[] \OMS/cmsy/m/n/10 ^^N \OML
/cmm/m/it/10 [] \OT1/cmr/m/n/10 =
 []


Underfull \hbox (badness 2495) in paragraph at lines 507--508
 \T1/cmr/m/n/10 si-ble coarse-grainings, se-lect those min-i-miz-ing
 []


Underfull \hbox (badness 10000) in paragraph at lines 508--509
 []\T1/cmr/m/it/10 (Theorem / Con-jec-ture)
 []


Underfull \hbox (badness 5817) in paragraph at lines 509--510
 \T1/cmr/m/n/10 guisha-bil-ity is bounded by a non-geometric
 []

[8]
Underfull \hbox (badness 1048) in paragraph at lines 511--512
 \T1/cmr/m/n/10 ing is not. The tested Hamil-to-ni-ans con-tain
 []


Underfull \hbox (badness 10000) in paragraph at lines 513--514
 []\T1/cmr/m/it/10 (Embedding-coordinate pro-to-
 []


Underfull \hbox (badness 1895) in paragraph at lines 513--514
 \T1/cmr/m/n/10 and resid-ual but are not in-trin-sic con-tin-uum
 []


Underfull \hbox (badness 6188) in paragraph at lines 514--515
 []\T1/cmr/m/it/10 (Definition / di-ag-
 []


Underfull \hbox (badness 1776) in paragraph at lines 516--517
 []\T1/cmr/m/it/10 (Definition + Match-
 []


Underfull \hbox (badness 1888) in paragraph at lines 517--518
 []\T1/cmr/m/it/10 (Matching) \T1/cmr/m/n/10 Out-come statis-tics
 []


Underfull \hbox (badness 10000) in paragraph at lines 518--519
 []\T1/cmr/m/it/10 (Matching) \T1/cmr/m/n/10 Lo-cal
 []


Underfull \hbox (badness 3179) in paragraph at lines 520--521
 []\T1/cmr/m/it/10 (Matching / con-jec-ture)
 []


Underfull \hbox (badness 2181) in paragraph at lines 520--521
 \T1/cmr/m/n/10 common-speed, anisotropy, and boost-sensitive
 []

[9]
Underfull \hbox (badness 1210) in paragraph at lines 543--548
\T1/cmr/bx/n/10 F3 --- Lorentz-Recovery Fail-ure. \T1/cmr/m/n/10 The con-jec-
 []


Underfull \hbox (badness 2726) in paragraph at lines 543--548
\T1/cmr/m/n/10 ture fails if a spec-i-fied large-system limit re-tains
 []


Underfull \hbox (badness 7186) in paragraph at lines 557--557
[]\T1/cmr/m/n/9 Matches stan-dard weak-field
 []


Underfull \hbox (badness 1655) in paragraph at lines 557--558
[]\T1/cmr/m/n/9 Systematic mis-match not re-
 []


Underfull \hbox (badness 4467) in paragraph at lines 559--560
[]\T1/cmr/m/n/9 Robust marginal de-pen-dence
 []


Underfull \hbox (badness 2435) in paragraph at lines 559--560
\T1/cmr/m/n/9 with-out clas-si-cal side-channel
 []


Overfull \hbox (5.03575pt too wide) in alignment at lines 552--560
 [] [] [] [] 
 []

[10]
No file framework.bbl.
[11] (../POPGP-VIABILITY-R1-2026-08-VIA-000-PDF/framework.aux)
 ***********
LaTeX2e <2026-06-01>
L3 programming layer <2026-08-10>
 ***********
Package rerunfilecheck Info: File `framework.out' has not changed.
(rerunfilecheck)             Checksum: 77A8ED7F22CAD9CE82E5AD29055466FA;13920.
 ) 
Here is how much of TeX's memory you used:
 12233 strings out of 468580
 184813 string characters out of 5439634
 624778 words of memory out of 5000000
 41063 multiletter control sequences out of 15000+600000
 650567 words of font info for 97 fonts, out of 8000000 for 9000
 319 hyphenation exceptions out of 8191
 74i,14n,79p,1772b,556s stack positions out of 10000i,1000n,20000p,200000b,200000s
 </home/runner/work/_temp/setup-texlive-action/2026/texmf-var/fonts/pk/ljfour
/jknappen/ec/ecrm0500.600pk> </home/runner/work/_temp/setup-texlive-action/2026
/texmf-var/fonts/pk/ljfour/jknappen/ec/ecbx0700.600pk> </home/runner/work/_temp
/setup-texlive-action/2026/texmf-var/fonts/pk/ljfour/jknappen/ec/ecrm0600.600pk
> </home/runner/work/_temp/setup-texlive-action/2026/texmf-var/fonts/pk/ljfour/
jknappen/ec/ecti0600.600pk> </home/runner/work/_temp/setup-texlive-action/2026/
texmf-var/fonts/pk/ljfour/jknappen/ec/ecrm0700.600pk> </home/runner/work/_temp/
setup-texlive-action/2026/texmf-var/fonts/pk/ljfour/jknappen/ec/ecbi0900.600pk>
 </home/runner/work/_temp/setup-texlive-action/2026/texmf-var/fonts/pk/ljfour/j
knappen/ec/ecbx1000.600pk> </home/runner/work/_temp/setup-texlive-action/2026/t
exmf-var/fonts/pk/ljfour/jknappen/ec/tcrm1000.600pk> </home/runner/work/_temp/s
etup-texlive-action/2026/texmf-var/fonts/pk/ljfour/jknappen/ec/ecbx0900.600pk> 
</home/runner/work/_temp/setup-texlive-action/2026/texmf-var/fonts/pk/ljfour/jk
nappen/ec/ecti1000.600pk> </home/runner/work/_temp/setup-texlive-action/2026/te
xmf-var/fonts/pk/ljfour/jknappen/ec/ecrm0900.600pk> </home/runner/work/_temp/se
tup-texlive-action/2026/texmf-var/fonts/pk/ljfour/jknappen/ec/ecti0900.600pk> <
/home/runner/work/_temp/setup-texlive-action/2026/texmf-var/fonts/pk/ljfour/jkn
appen/ec/ecrm1000.600pk> </home/runner/work/_temp/setup-texlive-action/2026/tex
mf-var/fonts/pk/ljfour/jknappen/ec/ecbx1200.600pk></home/runner/work/_temp/setu
p-texlive-action/2026/texmf-dist/fonts/type1/public/amsfonts/cm/cmex10.pfb></ho
me/runner/work/_temp/setup-texlive-action/2026/texmf-dist/fonts/type1/public/am
sfonts/cm/cmmi10.pfb></home/runner/work/_temp/setup-texlive-action/2026/texmf-d
ist/fonts/type1/public/amsfonts/cm/cmmi5.pfb></home/runner/work/_temp/setup-tex
live-action/2026/texmf-dist/fonts/type1/public/amsfonts/cm/cmmi6.pfb></home/run
ner/work/_temp/setup-texlive-action/2026/texmf-dist/fonts/type1/public/amsfonts
/cm/cmmi7.pfb></home/runner/work/_temp/setup-texlive-action/2026/texmf-dist/fon
ts/type1/public/amsfonts/cm/cmmi9.pfb></home/runner/work/_temp/setup-texlive-ac
tion/2026/texmf-dist/fonts/type1/public/amsfonts/cm/cmr10.pfb></home/runner/wor
k/_temp/setup-texlive-action/2026/texmf-dist/fonts/type1/public/amsfonts/cm/cmr
5.pfb></home/runner/work/_temp/setup-texlive-action/2026/texmf-dist/fonts/type1
/public/amsfonts/cm/cmr6.pfb></home/runner/work/_temp/setup-texlive-action/2026
/texmf-dist/fonts/type1/public/amsfonts/cm/cmr7.pfb></home/runner/work/_temp/se
tup-texlive-action/2026/texmf-dist/fonts/type1/public/amsfonts/cm/cmr9.pfb></ho
me/runner/work/_temp/setup-texlive-action/2026/texmf-dist/fonts/type1/public/am
sfonts/cm/cmsy10.pfb></home/runner/work/_temp/setup-texlive-action/2026/texmf-d
ist/fonts/type1/public/amsfonts/cm/cmsy5.pfb></home/runner/work/_temp/setup-tex
live-action/2026/texmf-dist/fonts/type1/public/amsfonts/cm/cmsy6.pfb></home/run
ner/work/_temp/setup-texlive-action/2026/texmf-dist/fonts/type1/public/amsfonts
/cm/cmsy7.pfb></home/runner/work/_temp/setup-texlive-action/2026/texmf-dist/fon
ts/type1/public/amsfonts/cm/cmsy9.pfb></home/runner/work/_temp/setup-texlive-ac
tion/2026/texmf-dist/fonts/type1/public/amsfonts/euler/eufm10.pfb></home/runner
/work/_temp/setup-texlive-action/2026/texmf-dist/fonts/type1/public/amsfonts/sy
mbols/msam10.pfb></home/runner/work/_temp/setup-texlive-action/2026/texmf-dist/
fonts/type1/public/amsfonts/symbols/msbm10.pfb></home/runner/work/_temp/setup-t
exlive-action/2026/texmf-dist/fonts/type1/public/amsfonts/symbols/msbm7.pfb>
Output written on ../POPGP-VIABILITY-R1-2026-08-VIA-000-PDF/framework.pdf (11 p
ages, 388867 bytes).
PDF statistics:
 961 PDF objects out of 1000 (max. 8388607)
 456 compressed objects within 5 object streams
 127 named destinations out of 1000 (max. 500000)
 417 words of extra memory for PDF output out of 10000 (max. 10000000)

